INFO: [Common 17-3922] A valid Vivado Design Suite BASIC license has been detected. Your current license is active and will expire on 07-sep-2027.
#-----------------------------------------------------------
# Vivado v2026.1 (64-bit)
# SW Build 6511674 on Tue Jun 16 11:02:23 MDT 2026
# IP Build 6504888 on Tue Jun 09 09:05:25 MDT 2026
# SharedData Build 6501428 on Mon Jun 08 17:34:18 MDT 2026
# Start of session at: Wed Sep 16 10:28:38 2026
# Process ID         : 30312
# Current directory  : C:/Users/gaeun/Desktop/lab2_01_counter/vivado
# Command line       : vivado.exe -gui_launcher_event rodinguilauncherevent32228 C:\Users\gaeun\Desktop\lab2_01_counter\vivado\lab2_counter.xpr
# Log file           : C:/Users/gaeun/Desktop/lab2_01_counter/vivado/vivado.log
# Journal file       : C:/Users/gaeun/Desktop/lab2_01_counter/vivado\vivado.jou
# Running On         : 9aeun
# Platform           : Windows 11
# Operating System   : 26200
# Processor Detail   : Intel(R) Core(TM) Ultra 5 225H
# CPU Frequency      : 3686 MHz
# CPU Physical cores : 14
# CPU Logical cores  : 14
# Host memory        : 16509 MB
# Swap memory        : 17179 MB
# Total Virtual      : 33688 MB
# Available Virtual  : 14383 MB
#-----------------------------------------------------------
start_gui
open_project C:/Users/gaeun/Desktop/lab2_01_counter/vivado/lab2_counter.xpr
INFO: [filemgmt 56-3] Default IP Output Path : Could not find the directory 'C:/Users/gaeun/Desktop/lab2_01_counter/vivado/lab2_counter.gen/sources_1'.
Scanning sources...
Finished scanning sources
WARNING: [Project 1-5713] Board part '' set for the project  is not found. BoardPart property will be unset. Please select board from latest repo build 
INFO: [IP_Flow 19-234] Refreshing IP repositories
INFO: [IP_Flow 19-1704] No user IP repositories specified
INFO: [IP_Flow 19-2313] Loaded Vivado IP repository 'C:/AMDDesignTools/2026.1/Vivado/data/ip'.
open_project: Time (s): cpu = 00:00:22 ; elapsed = 00:00:12 . Memory (MB): peak = 1713.969 ; gain = 270.082
update_compile_order -fileset sources_1
launch_simulation
Command: launch_simulation  -mode behavioral
INFO: [Vivado 12-25911] Executing simulation for 'XSim' simulator
INFO: [Vivado 12-28535] Process started - Wed Sep 16 10:29:28 2026

INFO: [Vivado 12-12493] Simulation top is 'tb_counter4'
INFO: [Vivado 12-5682] Launching behavioral simulation in 'C:/Users/gaeun/Desktop/lab2_01_counter/vivado/lab2_counter.sim/sim_1/behav/xsim'
INFO: [SIM-utils-51] Simulation object is 'sim_1'
INFO: [SIM-utils-72] Using boost library from 'C:/AMDDesignTools/2026.1/Vivado/tps/boost_1_72_0'
INFO: [SIM-utils-54] Inspecting design source files for 'tb_counter4' in fileset 'sim_1'...
INFO: [USF-XSim-97] Finding global include files...
INFO: [USF-XSim-98] Fetching design files from 'sim_1'...
INFO: [USF-XSim-2] XSim::Compile design
INFO: [USF-XSim-61] Executing 'COMPILE and ANALYZE' step in 'C:/Users/gaeun/Desktop/lab2_01_counter/vivado/lab2_counter.sim/sim_1/behav/xsim'
"xvlog --incr --relax -L uvm -prj tb_counter4_vlog.prj"
INFO: [USF-XSim-69] 'compile' step finished in '1' seconds
INFO: [USF-XSim-3] XSim::Elaborate design
INFO: [USF-XSim-61] Executing 'ELABORATE' step in 'C:/Users/gaeun/Desktop/lab2_01_counter/vivado/lab2_counter.sim/sim_1/behav/xsim'
"xelab --incr --debug typical --relax --mt 2 -L xil_defaultlib -L uvm -L unisims_ver -L unimacro_ver -L secureip --snapshot tb_counter4_behav xil_defaultlib.tb_counter4 xil_defaultlib.glbl -log elaborate.log"
Vivado Simulator v2026.1
Copyright 1986-2022 Xilinx, Inc. All Rights Reserved.
Copyright 2022-2026 Advanced Micro Devices, Inc. All Rights Reserved.
Running: C:/AMDDesignTools/2026.1/Vivado/bin/unwrapped/win64.o/xelab.exe --incr --debug typical --relax --mt 2 -L xil_defaultlib -L uvm -L unisims_ver -L unimacro_ver -L secureip --snapshot tb_counter4_behav xil_defaultlib.tb_counter4 xil_defaultlib.glbl -log elaborate.log 
INFO: [XSIM 43-3493] Using 2 slave threads.
Starting static elaboration
Pass Through NonSizing Optimizer
Completed static elaboration
INFO: [XSIM 43-4323] No Change in HDL. Linking previously generated obj files to create kernel
INFO: [USF-XSim-69] 'elaborate' step finished in '3' seconds
INFO: [USF-XSim-4] XSim::Simulate design
INFO: [USF-XSim-61] Executing 'SIMULATE' step in 'C:/Users/gaeun/Desktop/lab2_01_counter/vivado/lab2_counter.sim/sim_1/behav/xsim'
INFO: [USF-XSim-98] *** Running xsim
   with args "tb_counter4_behav -key {Behavioral:sim_1:Functional:tb_counter4} -tclbatch {tb_counter4.tcl} -log {simulate.log}"
INFO: [USF-XSim-8] Loading simulator feature
Time resolution is 1 ps
source tb_counter4.tcl
# set curr_wave [current_wave_config]
# if { [string length $curr_wave] == 0 } {
#   if { [llength [get_objects]] > 0} {
#     add_wave /
#     set_property needs_save false [current_wave_config]
#   } else {
#      send_msg_id Add_Wave-1 WARNING "No top level signals found. Simulator will start without a wave window. If you want to open a wave window go to 'File->New Waveform Configuration' or type 'create_wave_config' in the TCL console."
#   }
# }
# run 1000ns
LAB2_PASS counter4 checks=36
$finish called at time : 356 ns : File "C:/Users/gaeun/Desktop/lab2_01_counter/sim/tb_counter4.sv" Line 19
INFO: [USF-XSim-96] XSim completed. Design snapshot 'tb_counter4_behav' loaded.
INFO: [USF-XSim-97] XSim simulation ran for 1000ns
launch_simulation: Time (s): cpu = 00:00:05 ; elapsed = 00:00:10 . Memory (MB): peak = 1736.570 ; gain = 0.000
close_sim
INFO: [Simtcl 6-16] Simulation closed
exit
INFO: [Common 17-206] Exiting Vivado at Wed Sep 16 10:30:22 2026...
